TimeQuest Timing Analyzer report for ttttt
Mon Mar 19 10:01:42 2018
Quartus II 64-Bit Version 13.0.1 Build 232 06/12/2013 Service Pack 1 SJ Web Edition


---------------------
; Table of Contents ;
---------------------
  1. Legal Notice
  2. TimeQuest Timing Analyzer Summary
  3. Parallel Compilation
  4. Clocks
  5. Slow Model Fmax Summary
  6. Slow Model Setup Summary
  7. Slow Model Hold Summary
  8. Slow Model Recovery Summary
  9. Slow Model Removal Summary
 10. Slow Model Minimum Pulse Width Summary
 11. Propagation Delay
 12. Minimum Propagation Delay
 13. Fast Model Setup Summary
 14. Fast Model Hold Summary
 15. Fast Model Recovery Summary
 16. Fast Model Removal Summary
 17. Fast Model Minimum Pulse Width Summary
 18. Propagation Delay
 19. Minimum Propagation Delay
 20. Multicorner Timing Analysis Summary
 21. Progagation Delay
 22. Minimum Progagation Delay
 23. Clock Transfers
 24. Report TCCS
 25. Report RSKM
 26. Unconstrained Paths
 27. TimeQuest Timing Analyzer Messages



----------------
; Legal Notice ;
----------------
Copyright (C) 1991-2013 Altera Corporation
Your use of Altera Corporation's design tools, logic functions 
and other software and tools, and its AMPP partner logic 
functions, and any output files from any of the foregoing 
(including device programming or simulation files), and any 
associated documentation or information are expressly subject 
to the terms and conditions of the Altera Program License 
Subscription Agreement, Altera MegaCore Function License 
Agreement, or other applicable license agreement, including, 
without limitation, that your use is for the sole purpose of 
programming logic devices manufactured by Altera and sold by 
Altera or its authorized distributors.  Please refer to the 
applicable agreement for further details.



+----------------------------------------------------------------------------------------+
; TimeQuest Timing Analyzer Summary                                                      ;
+--------------------+-------------------------------------------------------------------+
; Quartus II Version ; Version 13.0.1 Build 232 06/12/2013 Service Pack 1 SJ Web Edition ;
; Revision Name      ; ttttt                                                             ;
; Device Family      ; Cyclone II                                                        ;
; Device Name        ; EP2C35F672C6                                                      ;
; Timing Models      ; Final                                                             ;
; Delay Model        ; Combined                                                          ;
; Rise/Fall Delays   ; Unavailable                                                       ;
+--------------------+-------------------------------------------------------------------+


+------------------------------------------+
; Parallel Compilation                     ;
+----------------------------+-------------+
; Processors                 ; Number      ;
+----------------------------+-------------+
; Number detected on machine ; 4           ;
; Maximum allowed            ; 2           ;
;                            ;             ;
; Average used               ; 1.00        ;
; Maximum used               ; 1           ;
;                            ;             ;
; Usage by Processor         ; % Time Used ;
;     Processor 1            ; 100.0%      ;
;     Processors 2-4         ;   0.0%      ;
+----------------------------+-------------+


----------
; Clocks ;
----------
No clocks to report.


---------------------------
; Slow Model Fmax Summary ;
---------------------------
No paths to report.


----------------------------
; Slow Model Setup Summary ;
----------------------------
No paths to report.


---------------------------
; Slow Model Hold Summary ;
---------------------------
No paths to report.


-------------------------------
; Slow Model Recovery Summary ;
-------------------------------
No paths to report.


------------------------------
; Slow Model Removal Summary ;
------------------------------
No paths to report.


------------------------------------------
; Slow Model Minimum Pulse Width Summary ;
------------------------------------------
No paths to report.


+--------------------------------------------------------------+
; Propagation Delay                                            ;
+------------+-------------+--------+--------+--------+--------+
; Input Port ; Output Port ; RR     ; RF     ; FR     ; FF     ;
+------------+-------------+--------+--------+--------+--------+
; sw[0]      ; Hex1[0]     ;        ; 9.055  ; 9.055  ;        ;
; sw[0]      ; Hex1[1]     ; 8.831  ; 8.831  ; 8.831  ; 8.831  ;
; sw[0]      ; Hex1[2]     ; 8.559  ; 8.559  ; 8.559  ; 8.559  ;
; sw[0]      ; Hex1[3]     ;        ; 9.513  ; 9.513  ;        ;
; sw[0]      ; ledg[0]     ; 8.718  ;        ;        ; 8.718  ;
; sw[0]      ; ledr[0]     ; 6.062  ;        ;        ; 6.062  ;
; sw[1]      ; Hex1[1]     ; 8.657  ; 8.657  ; 8.657  ; 8.657  ;
; sw[1]      ; Hex1[2]     ; 8.382  ; 8.382  ; 8.382  ; 8.382  ;
; sw[1]      ; Hex1[3]     ;        ; 9.339  ; 9.339  ;        ;
; sw[1]      ; Hex1[6]     ; 7.946  ;        ;        ; 7.946  ;
; sw[1]      ; ledg[1]     ; 8.540  ;        ;        ; 8.540  ;
; sw[1]      ; ledr[1]     ; 5.695  ;        ;        ; 5.695  ;
; sw[2]      ; Hex1[0]     ;        ; 8.960  ; 8.960  ;        ;
; sw[2]      ; Hex1[1]     ; 8.666  ;        ;        ; 8.666  ;
; sw[2]      ; Hex1[3]     ;        ; 9.348  ; 9.348  ;        ;
; sw[2]      ; Hex1[4]     ; 7.628  ;        ;        ; 7.628  ;
; sw[2]      ; ledg[2]     ; 8.015  ;        ;        ; 8.015  ;
; sw[2]      ; ledr[2]     ; 6.875  ;        ;        ; 6.875  ;
; sw[3]      ; Hex1[0]     ;        ; 8.434  ; 8.434  ;        ;
; sw[3]      ; Hex1[1]     ; 8.210  ; 8.210  ; 8.210  ; 8.210  ;
; sw[3]      ; Hex1[2]     ; 7.938  ; 7.938  ; 7.938  ; 7.938  ;
; sw[3]      ; Hex1[3]     ;        ; 8.892  ; 8.892  ;        ;
; sw[3]      ; ledg[0]     ; 8.097  ;        ;        ; 8.097  ;
; sw[3]      ; ledr[3]     ; 6.234  ;        ;        ; 6.234  ;
; sw[4]      ; Hex1[1]     ; 8.233  ; 8.233  ; 8.233  ; 8.233  ;
; sw[4]      ; Hex1[2]     ; 7.958  ; 7.958  ; 7.958  ; 7.958  ;
; sw[4]      ; Hex1[3]     ;        ; 8.915  ; 8.915  ;        ;
; sw[4]      ; Hex1[6]     ; 7.522  ;        ;        ; 7.522  ;
; sw[4]      ; ledg[1]     ; 8.116  ;        ;        ; 8.116  ;
; sw[4]      ; ledr[4]     ; 5.731  ;        ;        ; 5.731  ;
; sw[5]      ; Hex1[0]     ;        ; 8.662  ; 8.662  ;        ;
; sw[5]      ; Hex1[1]     ; 8.368  ;        ;        ; 8.368  ;
; sw[5]      ; Hex1[3]     ;        ; 9.050  ; 9.050  ;        ;
; sw[5]      ; Hex1[4]     ; 7.330  ;        ;        ; 7.330  ;
; sw[5]      ; ledg[2]     ; 7.717  ;        ;        ; 7.717  ;
; sw[5]      ; ledr[5]     ; 6.153  ;        ;        ; 6.153  ;
; sw[6]      ; Hex1[0]     ;        ; 8.317  ; 8.317  ;        ;
; sw[6]      ; Hex1[1]     ; 8.093  ; 8.093  ; 8.093  ; 8.093  ;
; sw[6]      ; Hex1[2]     ; 7.821  ; 7.821  ; 7.821  ; 7.821  ;
; sw[6]      ; Hex1[3]     ;        ; 8.775  ; 8.775  ;        ;
; sw[6]      ; ledg[0]     ; 7.980  ;        ;        ; 7.980  ;
; sw[6]      ; ledr[6]     ; 5.789  ;        ;        ; 5.789  ;
; sw[7]      ; Hex1[1]     ; 10.846 ; 10.846 ; 10.846 ; 10.846 ;
; sw[7]      ; Hex1[2]     ; 10.571 ; 10.571 ; 10.571 ; 10.571 ;
; sw[7]      ; Hex1[3]     ;        ; 11.528 ; 11.528 ;        ;
; sw[7]      ; Hex1[6]     ; 10.135 ;        ;        ; 10.135 ;
; sw[7]      ; ledg[1]     ; 10.729 ;        ;        ; 10.729 ;
; sw[7]      ; ledr[7]     ; 6.748  ;        ;        ; 6.748  ;
; sw[8]      ; Hex1[0]     ;        ; 10.319 ; 10.319 ;        ;
; sw[8]      ; Hex1[1]     ; 10.025 ;        ;        ; 10.025 ;
; sw[8]      ; Hex1[3]     ;        ; 10.707 ; 10.707 ;        ;
; sw[8]      ; Hex1[4]     ; 8.987  ;        ;        ; 8.987  ;
; sw[8]      ; ledg[2]     ; 9.374  ;        ;        ; 9.374  ;
; sw[8]      ; ledr[8]     ; 6.322  ;        ;        ; 6.322  ;
; sw[9]      ; Hex1[0]     ;        ; 10.244 ; 10.244 ;        ;
; sw[9]      ; Hex1[1]     ; 10.020 ; 10.020 ; 10.020 ; 10.020 ;
; sw[9]      ; Hex1[2]     ; 9.748  ; 9.748  ; 9.748  ; 9.748  ;
; sw[9]      ; Hex1[3]     ;        ; 10.702 ; 10.702 ;        ;
; sw[9]      ; ledg[0]     ; 9.907  ;        ;        ; 9.907  ;
; sw[9]      ; ledr[9]     ; 6.666  ;        ;        ; 6.666  ;
; sw[10]     ; Hex1[1]     ; 9.325  ; 9.325  ; 9.325  ; 9.325  ;
; sw[10]     ; Hex1[2]     ; 9.050  ; 9.050  ; 9.050  ; 9.050  ;
; sw[10]     ; Hex1[3]     ;        ; 10.007 ; 10.007 ;        ;
; sw[10]     ; Hex1[6]     ; 8.614  ;        ;        ; 8.614  ;
; sw[10]     ; ledg[1]     ; 9.208  ;        ;        ; 9.208  ;
; sw[10]     ; ledr[10]    ; 6.133  ;        ;        ; 6.133  ;
; sw[11]     ; Hex1[0]     ;        ; 10.020 ; 10.020 ;        ;
; sw[11]     ; Hex1[1]     ; 9.726  ;        ;        ; 9.726  ;
; sw[11]     ; Hex1[3]     ;        ; 10.408 ; 10.408 ;        ;
; sw[11]     ; Hex1[4]     ; 8.688  ;        ;        ; 8.688  ;
; sw[11]     ; ledg[2]     ; 9.075  ;        ;        ; 9.075  ;
; sw[11]     ; ledr[11]    ; 6.088  ;        ;        ; 6.088  ;
; sw[12]     ; Hex1[0]     ;        ; 9.792  ; 9.792  ;        ;
; sw[12]     ; Hex1[1]     ; 9.568  ; 9.568  ; 9.568  ; 9.568  ;
; sw[12]     ; Hex1[2]     ; 9.296  ; 9.296  ; 9.296  ; 9.296  ;
; sw[12]     ; Hex1[3]     ;        ; 10.250 ; 10.250 ;        ;
; sw[12]     ; ledg[0]     ; 9.455  ;        ;        ; 9.455  ;
; sw[12]     ; ledr[12]    ; 6.424  ;        ;        ; 6.424  ;
; sw[13]     ; Hex1[1]     ; 13.172 ; 13.172 ; 13.172 ; 13.172 ;
; sw[13]     ; Hex1[2]     ; 12.897 ; 12.897 ; 12.897 ; 12.897 ;
; sw[13]     ; Hex1[3]     ;        ; 13.854 ; 13.854 ;        ;
; sw[13]     ; Hex1[6]     ; 12.461 ;        ;        ; 12.461 ;
; sw[13]     ; ledg[1]     ; 13.055 ;        ;        ; 13.055 ;
; sw[13]     ; ledr[13]    ; 10.248 ;        ;        ; 10.248 ;
; sw[14]     ; Hex1[0]     ;        ; 13.454 ; 13.454 ;        ;
; sw[14]     ; Hex1[1]     ; 13.160 ;        ;        ; 13.160 ;
; sw[14]     ; Hex1[3]     ;        ; 13.842 ; 13.842 ;        ;
; sw[14]     ; Hex1[4]     ; 12.122 ;        ;        ; 12.122 ;
; sw[14]     ; ledg[2]     ; 12.509 ;        ;        ; 12.509 ;
; sw[14]     ; ledr[14]    ; 10.336 ;        ;        ; 10.336 ;
; sw[15]     ; Hex1[0]     ; 14.797 ; 14.797 ; 14.797 ; 14.797 ;
; sw[15]     ; Hex1[1]     ; 14.503 ; 14.503 ; 14.503 ; 14.503 ;
; sw[15]     ; Hex1[2]     ; 14.013 ; 14.013 ; 14.013 ; 14.013 ;
; sw[15]     ; Hex1[3]     ; 15.185 ; 15.185 ; 15.185 ; 15.185 ;
; sw[15]     ; Hex1[4]     ; 13.465 ; 13.465 ; 13.465 ; 13.465 ;
; sw[15]     ; Hex1[6]     ; 13.577 ; 13.577 ; 13.577 ; 13.577 ;
; sw[15]     ; ledg[0]     ; 13.983 ; 13.983 ; 13.983 ; 13.983 ;
; sw[15]     ; ledg[1]     ; 14.171 ; 14.171 ; 14.171 ; 14.171 ;
; sw[15]     ; ledg[2]     ; 13.852 ; 13.852 ; 13.852 ; 13.852 ;
; sw[15]     ; ledr[15]    ; 10.492 ;        ;        ; 10.492 ;
; sw[16]     ; Hex1[0]     ; 14.258 ; 14.312 ; 14.312 ; 14.258 ;
; sw[16]     ; Hex1[1]     ; 14.023 ; 14.023 ; 14.023 ; 14.023 ;
; sw[16]     ; Hex1[2]     ; 13.748 ; 13.748 ; 13.748 ; 13.748 ;
; sw[16]     ; Hex1[3]     ; 14.705 ; 14.700 ; 14.700 ; 14.705 ;
; sw[16]     ; Hex1[4]     ; 12.980 ; 12.926 ; 12.926 ; 12.980 ;
; sw[16]     ; Hex1[6]     ; 13.041 ; 13.312 ; 13.312 ; 13.041 ;
; sw[16]     ; ledg[0]     ; 13.495 ; 13.881 ; 13.881 ; 13.495 ;
; sw[16]     ; ledg[1]     ; 13.635 ; 13.906 ; 13.906 ; 13.635 ;
; sw[16]     ; ledg[2]     ; 13.367 ; 13.313 ; 13.313 ; 13.367 ;
; sw[16]     ; ledr[16]    ; 10.114 ;        ;        ; 10.114 ;
; sw[17]     ; Hex1[0]     ; 14.150 ; 13.806 ; 13.806 ; 14.150 ;
; sw[17]     ; Hex1[1]     ; 13.906 ; 13.906 ; 13.906 ; 13.906 ;
; sw[17]     ; Hex1[2]     ; 13.631 ; 13.631 ; 13.631 ; 13.631 ;
; sw[17]     ; Hex1[3]     ; 14.588 ; 14.194 ; 14.194 ; 14.588 ;
; sw[17]     ; Hex1[4]     ; 12.474 ; 12.818 ; 12.818 ; 12.474 ;
; sw[17]     ; Hex1[6]     ; 12.342 ; 13.195 ; 13.195 ; 12.342 ;
; sw[17]     ; ledg[0]     ; 13.088 ; 13.764 ; 13.764 ; 13.088 ;
; sw[17]     ; ledg[1]     ; 12.936 ; 13.789 ; 13.789 ; 12.936 ;
; sw[17]     ; ledg[2]     ; 12.861 ; 13.205 ; 13.205 ; 12.861 ;
; sw[17]     ; ledr[17]    ; 10.095 ;        ;        ; 10.095 ;
+------------+-------------+--------+--------+--------+--------+


+--------------------------------------------------------------+
; Minimum Propagation Delay                                    ;
+------------+-------------+--------+--------+--------+--------+
; Input Port ; Output Port ; RR     ; RF     ; FR     ; FF     ;
+------------+-------------+--------+--------+--------+--------+
; sw[0]      ; Hex1[0]     ;        ; 9.055  ; 9.055  ;        ;
; sw[0]      ; Hex1[1]     ; 8.831  ; 8.831  ; 8.831  ; 8.831  ;
; sw[0]      ; Hex1[2]     ; 8.559  ; 8.559  ; 8.559  ; 8.559  ;
; sw[0]      ; Hex1[3]     ;        ; 9.513  ; 9.513  ;        ;
; sw[0]      ; ledg[0]     ; 8.718  ;        ;        ; 8.718  ;
; sw[0]      ; ledr[0]     ; 6.062  ;        ;        ; 6.062  ;
; sw[1]      ; Hex1[1]     ; 8.657  ; 8.657  ; 8.657  ; 8.657  ;
; sw[1]      ; Hex1[2]     ; 8.382  ; 8.382  ; 8.382  ; 8.382  ;
; sw[1]      ; Hex1[3]     ;        ; 9.339  ; 9.339  ;        ;
; sw[1]      ; Hex1[6]     ; 7.946  ;        ;        ; 7.946  ;
; sw[1]      ; ledg[1]     ; 8.540  ;        ;        ; 8.540  ;
; sw[1]      ; ledr[1]     ; 5.695  ;        ;        ; 5.695  ;
; sw[2]      ; Hex1[0]     ;        ; 8.960  ; 8.960  ;        ;
; sw[2]      ; Hex1[1]     ; 8.666  ;        ;        ; 8.666  ;
; sw[2]      ; Hex1[3]     ;        ; 9.348  ; 9.348  ;        ;
; sw[2]      ; Hex1[4]     ; 7.628  ;        ;        ; 7.628  ;
; sw[2]      ; ledg[2]     ; 8.015  ;        ;        ; 8.015  ;
; sw[2]      ; ledr[2]     ; 6.875  ;        ;        ; 6.875  ;
; sw[3]      ; Hex1[0]     ;        ; 8.434  ; 8.434  ;        ;
; sw[3]      ; Hex1[1]     ; 8.210  ; 8.210  ; 8.210  ; 8.210  ;
; sw[3]      ; Hex1[2]     ; 7.938  ; 7.938  ; 7.938  ; 7.938  ;
; sw[3]      ; Hex1[3]     ;        ; 8.892  ; 8.892  ;        ;
; sw[3]      ; ledg[0]     ; 8.097  ;        ;        ; 8.097  ;
; sw[3]      ; ledr[3]     ; 6.234  ;        ;        ; 6.234  ;
; sw[4]      ; Hex1[1]     ; 8.233  ; 8.233  ; 8.233  ; 8.233  ;
; sw[4]      ; Hex1[2]     ; 7.958  ; 7.958  ; 7.958  ; 7.958  ;
; sw[4]      ; Hex1[3]     ;        ; 8.915  ; 8.915  ;        ;
; sw[4]      ; Hex1[6]     ; 7.522  ;        ;        ; 7.522  ;
; sw[4]      ; ledg[1]     ; 8.116  ;        ;        ; 8.116  ;
; sw[4]      ; ledr[4]     ; 5.731  ;        ;        ; 5.731  ;
; sw[5]      ; Hex1[0]     ;        ; 8.662  ; 8.662  ;        ;
; sw[5]      ; Hex1[1]     ; 8.368  ;        ;        ; 8.368  ;
; sw[5]      ; Hex1[3]     ;        ; 9.050  ; 9.050  ;        ;
; sw[5]      ; Hex1[4]     ; 7.330  ;        ;        ; 7.330  ;
; sw[5]      ; ledg[2]     ; 7.717  ;        ;        ; 7.717  ;
; sw[5]      ; ledr[5]     ; 6.153  ;        ;        ; 6.153  ;
; sw[6]      ; Hex1[0]     ;        ; 8.317  ; 8.317  ;        ;
; sw[6]      ; Hex1[1]     ; 8.093  ; 8.093  ; 8.093  ; 8.093  ;
; sw[6]      ; Hex1[2]     ; 7.821  ; 7.821  ; 7.821  ; 7.821  ;
; sw[6]      ; Hex1[3]     ;        ; 8.775  ; 8.775  ;        ;
; sw[6]      ; ledg[0]     ; 7.980  ;        ;        ; 7.980  ;
; sw[6]      ; ledr[6]     ; 5.789  ;        ;        ; 5.789  ;
; sw[7]      ; Hex1[1]     ; 10.846 ; 10.846 ; 10.846 ; 10.846 ;
; sw[7]      ; Hex1[2]     ; 10.571 ; 10.571 ; 10.571 ; 10.571 ;
; sw[7]      ; Hex1[3]     ;        ; 11.528 ; 11.528 ;        ;
; sw[7]      ; Hex1[6]     ; 10.135 ;        ;        ; 10.135 ;
; sw[7]      ; ledg[1]     ; 10.729 ;        ;        ; 10.729 ;
; sw[7]      ; ledr[7]     ; 6.748  ;        ;        ; 6.748  ;
; sw[8]      ; Hex1[0]     ;        ; 10.319 ; 10.319 ;        ;
; sw[8]      ; Hex1[1]     ; 10.025 ;        ;        ; 10.025 ;
; sw[8]      ; Hex1[3]     ;        ; 10.707 ; 10.707 ;        ;
; sw[8]      ; Hex1[4]     ; 8.987  ;        ;        ; 8.987  ;
; sw[8]      ; ledg[2]     ; 9.374  ;        ;        ; 9.374  ;
; sw[8]      ; ledr[8]     ; 6.322  ;        ;        ; 6.322  ;
; sw[9]      ; Hex1[0]     ;        ; 10.244 ; 10.244 ;        ;
; sw[9]      ; Hex1[1]     ; 10.020 ; 10.020 ; 10.020 ; 10.020 ;
; sw[9]      ; Hex1[2]     ; 9.748  ; 9.748  ; 9.748  ; 9.748  ;
; sw[9]      ; Hex1[3]     ;        ; 10.702 ; 10.702 ;        ;
; sw[9]      ; ledg[0]     ; 9.907  ;        ;        ; 9.907  ;
; sw[9]      ; ledr[9]     ; 6.666  ;        ;        ; 6.666  ;
; sw[10]     ; Hex1[1]     ; 9.325  ; 9.325  ; 9.325  ; 9.325  ;
; sw[10]     ; Hex1[2]     ; 9.050  ; 9.050  ; 9.050  ; 9.050  ;
; sw[10]     ; Hex1[3]     ;        ; 10.007 ; 10.007 ;        ;
; sw[10]     ; Hex1[6]     ; 8.614  ;        ;        ; 8.614  ;
; sw[10]     ; ledg[1]     ; 9.208  ;        ;        ; 9.208  ;
; sw[10]     ; ledr[10]    ; 6.133  ;        ;        ; 6.133  ;
; sw[11]     ; Hex1[0]     ;        ; 10.020 ; 10.020 ;        ;
; sw[11]     ; Hex1[1]     ; 9.726  ;        ;        ; 9.726  ;
; sw[11]     ; Hex1[3]     ;        ; 10.408 ; 10.408 ;        ;
; sw[11]     ; Hex1[4]     ; 8.688  ;        ;        ; 8.688  ;
; sw[11]     ; ledg[2]     ; 9.075  ;        ;        ; 9.075  ;
; sw[11]     ; ledr[11]    ; 6.088  ;        ;        ; 6.088  ;
; sw[12]     ; Hex1[0]     ;        ; 9.792  ; 9.792  ;        ;
; sw[12]     ; Hex1[1]     ; 9.568  ; 9.568  ; 9.568  ; 9.568  ;
; sw[12]     ; Hex1[2]     ; 9.296  ; 9.296  ; 9.296  ; 9.296  ;
; sw[12]     ; Hex1[3]     ;        ; 10.250 ; 10.250 ;        ;
; sw[12]     ; ledg[0]     ; 9.455  ;        ;        ; 9.455  ;
; sw[12]     ; ledr[12]    ; 6.424  ;        ;        ; 6.424  ;
; sw[13]     ; Hex1[1]     ; 13.172 ; 13.172 ; 13.172 ; 13.172 ;
; sw[13]     ; Hex1[2]     ; 12.897 ; 12.897 ; 12.897 ; 12.897 ;
; sw[13]     ; Hex1[3]     ;        ; 13.854 ; 13.854 ;        ;
; sw[13]     ; Hex1[6]     ; 12.461 ;        ;        ; 12.461 ;
; sw[13]     ; ledg[1]     ; 13.055 ;        ;        ; 13.055 ;
; sw[13]     ; ledr[13]    ; 10.248 ;        ;        ; 10.248 ;
; sw[14]     ; Hex1[0]     ;        ; 13.454 ; 13.454 ;        ;
; sw[14]     ; Hex1[1]     ; 13.160 ;        ;        ; 13.160 ;
; sw[14]     ; Hex1[3]     ;        ; 13.842 ; 13.842 ;        ;
; sw[14]     ; Hex1[4]     ; 12.122 ;        ;        ; 12.122 ;
; sw[14]     ; ledg[2]     ; 12.509 ;        ;        ; 12.509 ;
; sw[14]     ; ledr[14]    ; 10.336 ;        ;        ; 10.336 ;
; sw[15]     ; Hex1[0]     ; 14.196 ; 14.317 ; 14.317 ; 14.196 ;
; sw[15]     ; Hex1[1]     ; 13.824 ; 13.824 ; 13.824 ; 13.824 ;
; sw[15]     ; Hex1[2]     ; 13.549 ; 13.549 ; 13.549 ; 13.549 ;
; sw[15]     ; Hex1[3]     ; 14.506 ; 14.775 ; 14.775 ; 14.506 ;
; sw[15]     ; Hex1[4]     ; 13.335 ; 13.245 ; 13.245 ; 13.335 ;
; sw[15]     ; Hex1[6]     ; 13.525 ; 13.113 ; 13.113 ; 13.525 ;
; sw[15]     ; ledg[0]     ; 13.980 ; 13.859 ; 13.859 ; 13.980 ;
; sw[15]     ; ledg[1]     ; 14.119 ; 13.707 ; 13.707 ; 14.119 ;
; sw[15]     ; ledg[2]     ; 13.722 ; 13.632 ; 13.632 ; 13.722 ;
; sw[15]     ; ledr[15]    ; 10.492 ;        ;        ; 10.492 ;
; sw[16]     ; Hex1[0]     ; 13.544 ; 13.832 ; 13.832 ; 13.544 ;
; sw[16]     ; Hex1[1]     ; 13.172 ; 13.172 ; 13.172 ; 13.172 ;
; sw[16]     ; Hex1[2]     ; 12.897 ; 12.897 ; 12.897 ; 12.897 ;
; sw[16]     ; Hex1[3]     ; 13.854 ; 14.290 ; 14.290 ; 13.854 ;
; sw[16]     ; Hex1[4]     ; 12.980 ; 12.593 ; 12.593 ; 12.980 ;
; sw[16]     ; Hex1[6]     ; 13.041 ; 12.461 ; 12.461 ; 13.041 ;
; sw[16]     ; ledg[0]     ; 13.495 ; 13.207 ; 13.207 ; 13.495 ;
; sw[16]     ; ledg[1]     ; 13.635 ; 13.055 ; 13.055 ; 13.635 ;
; sw[16]     ; ledg[2]     ; 13.367 ; 12.980 ; 12.980 ; 13.367 ;
; sw[16]     ; ledr[16]    ; 10.114 ;        ;        ; 10.114 ;
; sw[17]     ; Hex1[0]     ; 13.670 ; 13.425 ; 13.425 ; 13.670 ;
; sw[17]     ; Hex1[1]     ; 13.053 ; 13.053 ; 13.053 ; 13.053 ;
; sw[17]     ; Hex1[2]     ; 12.778 ; 12.778 ; 12.778 ; 12.778 ;
; sw[17]     ; Hex1[3]     ; 14.128 ; 13.735 ; 13.735 ; 14.128 ;
; sw[17]     ; Hex1[4]     ; 12.474 ; 12.809 ; 12.809 ; 12.474 ;
; sw[17]     ; Hex1[6]     ; 12.342 ; 12.879 ; 12.879 ; 12.342 ;
; sw[17]     ; ledg[0]     ; 13.088 ; 13.333 ; 13.333 ; 13.088 ;
; sw[17]     ; ledg[1]     ; 12.936 ; 13.473 ; 13.473 ; 12.936 ;
; sw[17]     ; ledg[2]     ; 12.861 ; 13.196 ; 13.196 ; 12.861 ;
; sw[17]     ; ledr[17]    ; 10.095 ;        ;        ; 10.095 ;
+------------+-------------+--------+--------+--------+--------+


----------------------------
; Fast Model Setup Summary ;
----------------------------
No paths to report.


---------------------------
; Fast Model Hold Summary ;
---------------------------
No paths to report.


-------------------------------
; Fast Model Recovery Summary ;
-------------------------------
No paths to report.


------------------------------
; Fast Model Removal Summary ;
------------------------------
No paths to report.


------------------------------------------
; Fast Model Minimum Pulse Width Summary ;
------------------------------------------
No paths to report.


+----------------------------------------------------------+
; Propagation Delay                                        ;
+------------+-------------+-------+-------+-------+-------+
; Input Port ; Output Port ; RR    ; RF    ; FR    ; FF    ;
+------------+-------------+-------+-------+-------+-------+
; sw[0]      ; Hex1[0]     ;       ; 4.700 ; 4.700 ;       ;
; sw[0]      ; Hex1[1]     ; 4.610 ; 4.610 ; 4.610 ; 4.610 ;
; sw[0]      ; Hex1[2]     ; 4.450 ; 4.450 ; 4.450 ; 4.450 ;
; sw[0]      ; Hex1[3]     ;       ; 4.983 ; 4.983 ;       ;
; sw[0]      ; ledg[0]     ; 4.571 ;       ;       ; 4.571 ;
; sw[0]      ; ledr[0]     ; 3.314 ;       ;       ; 3.314 ;
; sw[1]      ; Hex1[1]     ; 4.556 ; 4.556 ; 4.556 ; 4.556 ;
; sw[1]      ; Hex1[2]     ; 4.396 ; 4.396 ; 4.396 ; 4.396 ;
; sw[1]      ; Hex1[3]     ;       ; 4.930 ; 4.930 ;       ;
; sw[1]      ; Hex1[6]     ; 4.222 ;       ;       ; 4.222 ;
; sw[1]      ; ledg[1]     ; 4.552 ;       ;       ; 4.552 ;
; sw[1]      ; ledr[1]     ; 3.183 ;       ;       ; 3.183 ;
; sw[2]      ; Hex1[0]     ;       ; 4.659 ; 4.659 ;       ;
; sw[2]      ; Hex1[1]     ; 4.566 ;       ;       ; 4.566 ;
; sw[2]      ; Hex1[3]     ;       ; 4.946 ; 4.946 ;       ;
; sw[2]      ; Hex1[4]     ; 4.064 ;       ;       ; 4.064 ;
; sw[2]      ; ledg[2]     ; 4.300 ;       ;       ; 4.300 ;
; sw[2]      ; ledr[2]     ; 3.778 ;       ;       ; 3.778 ;
; sw[3]      ; Hex1[0]     ;       ; 4.297 ; 4.297 ;       ;
; sw[3]      ; Hex1[1]     ; 4.207 ; 4.207 ; 4.207 ; 4.207 ;
; sw[3]      ; Hex1[2]     ; 4.047 ; 4.047 ; 4.047 ; 4.047 ;
; sw[3]      ; Hex1[3]     ;       ; 4.580 ; 4.580 ;       ;
; sw[3]      ; ledg[0]     ; 4.168 ;       ;       ; 4.168 ;
; sw[3]      ; ledr[3]     ; 3.410 ;       ;       ; 3.410 ;
; sw[4]      ; Hex1[1]     ; 4.232 ; 4.232 ; 4.232 ; 4.232 ;
; sw[4]      ; Hex1[2]     ; 4.072 ; 4.072 ; 4.072 ; 4.072 ;
; sw[4]      ; Hex1[3]     ;       ; 4.606 ; 4.606 ;       ;
; sw[4]      ; Hex1[6]     ; 3.898 ;       ;       ; 3.898 ;
; sw[4]      ; ledg[1]     ; 4.228 ;       ;       ; 4.228 ;
; sw[4]      ; ledr[4]     ; 3.162 ;       ;       ; 3.162 ;
; sw[5]      ; Hex1[0]     ;       ; 4.372 ; 4.372 ;       ;
; sw[5]      ; Hex1[1]     ; 4.279 ;       ;       ; 4.279 ;
; sw[5]      ; Hex1[3]     ;       ; 4.659 ; 4.659 ;       ;
; sw[5]      ; Hex1[4]     ; 3.777 ;       ;       ; 3.777 ;
; sw[5]      ; ledg[2]     ; 4.013 ;       ;       ; 4.013 ;
; sw[5]      ; ledr[5]     ; 3.380 ;       ;       ; 3.380 ;
; sw[6]      ; Hex1[0]     ;       ; 4.258 ; 4.258 ;       ;
; sw[6]      ; Hex1[1]     ; 4.168 ; 4.168 ; 4.168 ; 4.168 ;
; sw[6]      ; Hex1[2]     ; 4.008 ; 4.008 ; 4.008 ; 4.008 ;
; sw[6]      ; Hex1[3]     ;       ; 4.541 ; 4.541 ;       ;
; sw[6]      ; ledg[0]     ; 4.129 ;       ;       ; 4.129 ;
; sw[6]      ; ledr[6]     ; 3.190 ;       ;       ; 3.190 ;
; sw[7]      ; Hex1[1]     ; 5.610 ; 5.610 ; 5.610 ; 5.610 ;
; sw[7]      ; Hex1[2]     ; 5.450 ; 5.450 ; 5.450 ; 5.450 ;
; sw[7]      ; Hex1[3]     ;       ; 5.984 ; 5.984 ;       ;
; sw[7]      ; Hex1[6]     ; 5.276 ;       ;       ; 5.276 ;
; sw[7]      ; ledg[1]     ; 5.606 ;       ;       ; 5.606 ;
; sw[7]      ; ledr[7]     ; 3.765 ;       ;       ; 3.765 ;
; sw[8]      ; Hex1[0]     ;       ; 5.296 ; 5.296 ;       ;
; sw[8]      ; Hex1[1]     ; 5.203 ;       ;       ; 5.203 ;
; sw[8]      ; Hex1[3]     ;       ; 5.583 ; 5.583 ;       ;
; sw[8]      ; Hex1[4]     ; 4.701 ;       ;       ; 4.701 ;
; sw[8]      ; ledg[2]     ; 4.937 ;       ;       ; 4.937 ;
; sw[8]      ; ledr[8]     ; 3.530 ;       ;       ; 3.530 ;
; sw[9]      ; Hex1[0]     ;       ; 5.273 ; 5.273 ;       ;
; sw[9]      ; Hex1[1]     ; 5.183 ; 5.183 ; 5.183 ; 5.183 ;
; sw[9]      ; Hex1[2]     ; 5.023 ; 5.023 ; 5.023 ; 5.023 ;
; sw[9]      ; Hex1[3]     ;       ; 5.556 ; 5.556 ;       ;
; sw[9]      ; ledg[0]     ; 5.144 ;       ;       ; 5.144 ;
; sw[9]      ; ledr[9]     ; 3.706 ;       ;       ; 3.706 ;
; sw[10]     ; Hex1[1]     ; 4.836 ; 4.836 ; 4.836 ; 4.836 ;
; sw[10]     ; Hex1[2]     ; 4.676 ; 4.676 ; 4.676 ; 4.676 ;
; sw[10]     ; Hex1[3]     ;       ; 5.210 ; 5.210 ;       ;
; sw[10]     ; Hex1[6]     ; 4.502 ;       ;       ; 4.502 ;
; sw[10]     ; ledg[1]     ; 4.832 ;       ;       ; 4.832 ;
; sw[10]     ; ledr[10]    ; 3.419 ;       ;       ; 3.419 ;
; sw[11]     ; Hex1[0]     ;       ; 5.114 ; 5.114 ;       ;
; sw[11]     ; Hex1[1]     ; 5.021 ;       ;       ; 5.021 ;
; sw[11]     ; Hex1[3]     ;       ; 5.401 ; 5.401 ;       ;
; sw[11]     ; Hex1[4]     ; 4.519 ;       ;       ; 4.519 ;
; sw[11]     ; ledg[2]     ; 4.755 ;       ;       ; 4.755 ;
; sw[11]     ; ledr[11]    ; 3.386 ;       ;       ; 3.386 ;
; sw[12]     ; Hex1[0]     ;       ; 5.024 ; 5.024 ;       ;
; sw[12]     ; Hex1[1]     ; 4.934 ; 4.934 ; 4.934 ; 4.934 ;
; sw[12]     ; Hex1[2]     ; 4.774 ; 4.774 ; 4.774 ; 4.774 ;
; sw[12]     ; Hex1[3]     ;       ; 5.307 ; 5.307 ;       ;
; sw[12]     ; ledg[0]     ; 4.895 ;       ;       ; 4.895 ;
; sw[12]     ; ledr[12]    ; 3.558 ;       ;       ; 3.558 ;
; sw[13]     ; Hex1[1]     ; 7.178 ; 7.178 ; 7.178 ; 7.178 ;
; sw[13]     ; Hex1[2]     ; 7.018 ; 7.018 ; 7.018 ; 7.018 ;
; sw[13]     ; Hex1[3]     ;       ; 7.552 ; 7.552 ;       ;
; sw[13]     ; Hex1[6]     ; 6.844 ;       ;       ; 6.844 ;
; sw[13]     ; ledg[1]     ; 7.174 ;       ;       ; 7.174 ;
; sw[13]     ; ledr[13]    ; 5.893 ;       ;       ; 5.893 ;
; sw[14]     ; Hex1[0]     ;       ; 7.315 ; 7.315 ;       ;
; sw[14]     ; Hex1[1]     ; 7.222 ;       ;       ; 7.222 ;
; sw[14]     ; Hex1[3]     ;       ; 7.602 ; 7.602 ;       ;
; sw[14]     ; Hex1[4]     ; 6.720 ;       ;       ; 6.720 ;
; sw[14]     ; ledg[2]     ; 6.956 ;       ;       ; 6.956 ;
; sw[14]     ; ledr[14]    ; 5.942 ;       ;       ; 5.942 ;
; sw[15]     ; Hex1[0]     ; 7.940 ; 7.940 ; 7.940 ; 7.940 ;
; sw[15]     ; Hex1[1]     ; 7.847 ; 7.847 ; 7.847 ; 7.847 ;
; sw[15]     ; Hex1[2]     ; 7.571 ; 7.571 ; 7.571 ; 7.571 ;
; sw[15]     ; Hex1[3]     ; 8.227 ; 8.227 ; 8.227 ; 8.227 ;
; sw[15]     ; Hex1[4]     ; 7.345 ; 7.345 ; 7.345 ; 7.345 ;
; sw[15]     ; Hex1[6]     ; 7.397 ; 7.397 ; 7.397 ; 7.397 ;
; sw[15]     ; ledg[0]     ; 7.617 ; 7.617 ; 7.617 ; 7.617 ;
; sw[15]     ; ledg[1]     ; 7.727 ; 7.727 ; 7.727 ; 7.727 ;
; sw[15]     ; ledg[2]     ; 7.581 ; 7.581 ; 7.581 ; 7.581 ;
; sw[15]     ; ledr[15]    ; 6.060 ;       ;       ; 6.060 ;
; sw[16]     ; Hex1[0]     ; 7.706 ; 7.683 ; 7.683 ; 7.706 ;
; sw[16]     ; Hex1[1]     ; 7.601 ; 7.613 ; 7.613 ; 7.601 ;
; sw[16]     ; Hex1[2]     ; 7.441 ; 7.441 ; 7.441 ; 7.441 ;
; sw[16]     ; Hex1[3]     ; 7.993 ; 7.970 ; 7.970 ; 7.993 ;
; sw[16]     ; Hex1[4]     ; 7.088 ; 7.111 ; 7.111 ; 7.088 ;
; sw[16]     ; Hex1[6]     ; 7.130 ; 7.264 ; 7.264 ; 7.130 ;
; sw[16]     ; ledg[0]     ; 7.360 ; 7.562 ; 7.562 ; 7.360 ;
; sw[16]     ; ledg[1]     ; 7.460 ; 7.594 ; 7.594 ; 7.460 ;
; sw[16]     ; ledg[2]     ; 7.324 ; 7.347 ; 7.347 ; 7.324 ;
; sw[16]     ; ledr[16]    ; 5.865 ;       ;       ; 5.865 ;
; sw[17]     ; Hex1[0]     ; 7.627 ; 7.485 ; 7.485 ; 7.627 ;
; sw[17]     ; Hex1[1]     ; 7.522 ; 7.534 ; 7.534 ; 7.522 ;
; sw[17]     ; Hex1[2]     ; 7.362 ; 7.362 ; 7.362 ; 7.362 ;
; sw[17]     ; Hex1[3]     ; 7.914 ; 7.772 ; 7.772 ; 7.914 ;
; sw[17]     ; Hex1[4]     ; 6.890 ; 7.032 ; 7.032 ; 6.890 ;
; sw[17]     ; Hex1[6]     ; 6.843 ; 7.185 ; 7.185 ; 6.843 ;
; sw[17]     ; ledg[0]     ; 7.203 ; 7.483 ; 7.483 ; 7.203 ;
; sw[17]     ; ledg[1]     ; 7.173 ; 7.515 ; 7.515 ; 7.173 ;
; sw[17]     ; ledg[2]     ; 7.126 ; 7.268 ; 7.268 ; 7.126 ;
; sw[17]     ; ledr[17]    ; 5.850 ;       ;       ; 5.850 ;
+------------+-------------+-------+-------+-------+-------+


+----------------------------------------------------------+
; Minimum Propagation Delay                                ;
+------------+-------------+-------+-------+-------+-------+
; Input Port ; Output Port ; RR    ; RF    ; FR    ; FF    ;
+------------+-------------+-------+-------+-------+-------+
; sw[0]      ; Hex1[0]     ;       ; 4.700 ; 4.700 ;       ;
; sw[0]      ; Hex1[1]     ; 4.610 ; 4.610 ; 4.610 ; 4.610 ;
; sw[0]      ; Hex1[2]     ; 4.450 ; 4.450 ; 4.450 ; 4.450 ;
; sw[0]      ; Hex1[3]     ;       ; 4.983 ; 4.983 ;       ;
; sw[0]      ; ledg[0]     ; 4.571 ;       ;       ; 4.571 ;
; sw[0]      ; ledr[0]     ; 3.314 ;       ;       ; 3.314 ;
; sw[1]      ; Hex1[1]     ; 4.556 ; 4.556 ; 4.556 ; 4.556 ;
; sw[1]      ; Hex1[2]     ; 4.396 ; 4.396 ; 4.396 ; 4.396 ;
; sw[1]      ; Hex1[3]     ;       ; 4.930 ; 4.930 ;       ;
; sw[1]      ; Hex1[6]     ; 4.222 ;       ;       ; 4.222 ;
; sw[1]      ; ledg[1]     ; 4.552 ;       ;       ; 4.552 ;
; sw[1]      ; ledr[1]     ; 3.183 ;       ;       ; 3.183 ;
; sw[2]      ; Hex1[0]     ;       ; 4.659 ; 4.659 ;       ;
; sw[2]      ; Hex1[1]     ; 4.566 ;       ;       ; 4.566 ;
; sw[2]      ; Hex1[3]     ;       ; 4.946 ; 4.946 ;       ;
; sw[2]      ; Hex1[4]     ; 4.064 ;       ;       ; 4.064 ;
; sw[2]      ; ledg[2]     ; 4.300 ;       ;       ; 4.300 ;
; sw[2]      ; ledr[2]     ; 3.778 ;       ;       ; 3.778 ;
; sw[3]      ; Hex1[0]     ;       ; 4.297 ; 4.297 ;       ;
; sw[3]      ; Hex1[1]     ; 4.207 ; 4.207 ; 4.207 ; 4.207 ;
; sw[3]      ; Hex1[2]     ; 4.047 ; 4.047 ; 4.047 ; 4.047 ;
; sw[3]      ; Hex1[3]     ;       ; 4.580 ; 4.580 ;       ;
; sw[3]      ; ledg[0]     ; 4.168 ;       ;       ; 4.168 ;
; sw[3]      ; ledr[3]     ; 3.410 ;       ;       ; 3.410 ;
; sw[4]      ; Hex1[1]     ; 4.232 ; 4.232 ; 4.232 ; 4.232 ;
; sw[4]      ; Hex1[2]     ; 4.072 ; 4.072 ; 4.072 ; 4.072 ;
; sw[4]      ; Hex1[3]     ;       ; 4.606 ; 4.606 ;       ;
; sw[4]      ; Hex1[6]     ; 3.898 ;       ;       ; 3.898 ;
; sw[4]      ; ledg[1]     ; 4.228 ;       ;       ; 4.228 ;
; sw[4]      ; ledr[4]     ; 3.162 ;       ;       ; 3.162 ;
; sw[5]      ; Hex1[0]     ;       ; 4.372 ; 4.372 ;       ;
; sw[5]      ; Hex1[1]     ; 4.279 ;       ;       ; 4.279 ;
; sw[5]      ; Hex1[3]     ;       ; 4.659 ; 4.659 ;       ;
; sw[5]      ; Hex1[4]     ; 3.777 ;       ;       ; 3.777 ;
; sw[5]      ; ledg[2]     ; 4.013 ;       ;       ; 4.013 ;
; sw[5]      ; ledr[5]     ; 3.380 ;       ;       ; 3.380 ;
; sw[6]      ; Hex1[0]     ;       ; 4.258 ; 4.258 ;       ;
; sw[6]      ; Hex1[1]     ; 4.168 ; 4.168 ; 4.168 ; 4.168 ;
; sw[6]      ; Hex1[2]     ; 4.008 ; 4.008 ; 4.008 ; 4.008 ;
; sw[6]      ; Hex1[3]     ;       ; 4.541 ; 4.541 ;       ;
; sw[6]      ; ledg[0]     ; 4.129 ;       ;       ; 4.129 ;
; sw[6]      ; ledr[6]     ; 3.190 ;       ;       ; 3.190 ;
; sw[7]      ; Hex1[1]     ; 5.610 ; 5.610 ; 5.610 ; 5.610 ;
; sw[7]      ; Hex1[2]     ; 5.450 ; 5.450 ; 5.450 ; 5.450 ;
; sw[7]      ; Hex1[3]     ;       ; 5.984 ; 5.984 ;       ;
; sw[7]      ; Hex1[6]     ; 5.276 ;       ;       ; 5.276 ;
; sw[7]      ; ledg[1]     ; 5.606 ;       ;       ; 5.606 ;
; sw[7]      ; ledr[7]     ; 3.765 ;       ;       ; 3.765 ;
; sw[8]      ; Hex1[0]     ;       ; 5.296 ; 5.296 ;       ;
; sw[8]      ; Hex1[1]     ; 5.203 ;       ;       ; 5.203 ;
; sw[8]      ; Hex1[3]     ;       ; 5.583 ; 5.583 ;       ;
; sw[8]      ; Hex1[4]     ; 4.701 ;       ;       ; 4.701 ;
; sw[8]      ; ledg[2]     ; 4.937 ;       ;       ; 4.937 ;
; sw[8]      ; ledr[8]     ; 3.530 ;       ;       ; 3.530 ;
; sw[9]      ; Hex1[0]     ;       ; 5.273 ; 5.273 ;       ;
; sw[9]      ; Hex1[1]     ; 5.183 ; 5.183 ; 5.183 ; 5.183 ;
; sw[9]      ; Hex1[2]     ; 5.023 ; 5.023 ; 5.023 ; 5.023 ;
; sw[9]      ; Hex1[3]     ;       ; 5.556 ; 5.556 ;       ;
; sw[9]      ; ledg[0]     ; 5.144 ;       ;       ; 5.144 ;
; sw[9]      ; ledr[9]     ; 3.706 ;       ;       ; 3.706 ;
; sw[10]     ; Hex1[1]     ; 4.836 ; 4.836 ; 4.836 ; 4.836 ;
; sw[10]     ; Hex1[2]     ; 4.676 ; 4.676 ; 4.676 ; 4.676 ;
; sw[10]     ; Hex1[3]     ;       ; 5.210 ; 5.210 ;       ;
; sw[10]     ; Hex1[6]     ; 4.502 ;       ;       ; 4.502 ;
; sw[10]     ; ledg[1]     ; 4.832 ;       ;       ; 4.832 ;
; sw[10]     ; ledr[10]    ; 3.419 ;       ;       ; 3.419 ;
; sw[11]     ; Hex1[0]     ;       ; 5.114 ; 5.114 ;       ;
; sw[11]     ; Hex1[1]     ; 5.021 ;       ;       ; 5.021 ;
; sw[11]     ; Hex1[3]     ;       ; 5.401 ; 5.401 ;       ;
; sw[11]     ; Hex1[4]     ; 4.519 ;       ;       ; 4.519 ;
; sw[11]     ; ledg[2]     ; 4.755 ;       ;       ; 4.755 ;
; sw[11]     ; ledr[11]    ; 3.386 ;       ;       ; 3.386 ;
; sw[12]     ; Hex1[0]     ;       ; 5.024 ; 5.024 ;       ;
; sw[12]     ; Hex1[1]     ; 4.934 ; 4.934 ; 4.934 ; 4.934 ;
; sw[12]     ; Hex1[2]     ; 4.774 ; 4.774 ; 4.774 ; 4.774 ;
; sw[12]     ; Hex1[3]     ;       ; 5.307 ; 5.307 ;       ;
; sw[12]     ; ledg[0]     ; 4.895 ;       ;       ; 4.895 ;
; sw[12]     ; ledr[12]    ; 3.558 ;       ;       ; 3.558 ;
; sw[13]     ; Hex1[1]     ; 7.178 ; 7.178 ; 7.178 ; 7.178 ;
; sw[13]     ; Hex1[2]     ; 7.018 ; 7.018 ; 7.018 ; 7.018 ;
; sw[13]     ; Hex1[3]     ;       ; 7.552 ; 7.552 ;       ;
; sw[13]     ; Hex1[6]     ; 6.844 ;       ;       ; 6.844 ;
; sw[13]     ; ledg[1]     ; 7.174 ;       ;       ; 7.174 ;
; sw[13]     ; ledr[13]    ; 5.893 ;       ;       ; 5.893 ;
; sw[14]     ; Hex1[0]     ;       ; 7.315 ; 7.315 ;       ;
; sw[14]     ; Hex1[1]     ; 7.222 ;       ;       ; 7.222 ;
; sw[14]     ; Hex1[3]     ;       ; 7.602 ; 7.602 ;       ;
; sw[14]     ; Hex1[4]     ; 6.720 ;       ;       ; 6.720 ;
; sw[14]     ; ledg[2]     ; 6.956 ;       ;       ; 6.956 ;
; sw[14]     ; ledr[14]    ; 5.942 ;       ;       ; 5.942 ;
; sw[15]     ; Hex1[0]     ; 7.689 ; 7.741 ; 7.741 ; 7.689 ;
; sw[15]     ; Hex1[1]     ; 7.534 ; 7.534 ; 7.534 ; 7.534 ;
; sw[15]     ; Hex1[2]     ; 7.374 ; 7.374 ; 7.374 ; 7.374 ;
; sw[15]     ; Hex1[3]     ; 7.908 ; 8.024 ; 8.024 ; 7.908 ;
; sw[15]     ; Hex1[4]     ; 7.291 ; 7.247 ; 7.247 ; 7.291 ;
; sw[15]     ; Hex1[6]     ; 7.389 ; 7.200 ; 7.200 ; 7.389 ;
; sw[15]     ; ledg[0]     ; 7.612 ; 7.560 ; 7.560 ; 7.612 ;
; sw[15]     ; ledg[1]     ; 7.719 ; 7.530 ; 7.530 ; 7.719 ;
; sw[15]     ; ledg[2]     ; 7.527 ; 7.483 ; 7.483 ; 7.527 ;
; sw[15]     ; ledr[15]    ; 6.060 ;       ;       ; 6.060 ;
; sw[16]     ; Hex1[0]     ; 7.388 ; 7.489 ; 7.489 ; 7.388 ;
; sw[16]     ; Hex1[1]     ; 7.233 ; 7.233 ; 7.233 ; 7.233 ;
; sw[16]     ; Hex1[2]     ; 7.073 ; 7.073 ; 7.073 ; 7.073 ;
; sw[16]     ; Hex1[3]     ; 7.607 ; 7.772 ; 7.772 ; 7.607 ;
; sw[16]     ; Hex1[4]     ; 7.088 ; 6.946 ; 6.946 ; 7.088 ;
; sw[16]     ; Hex1[6]     ; 7.130 ; 6.899 ; 6.899 ; 7.130 ;
; sw[16]     ; ledg[0]     ; 7.360 ; 7.259 ; 7.259 ; 7.360 ;
; sw[16]     ; ledg[1]     ; 7.460 ; 7.229 ; 7.229 ; 7.460 ;
; sw[16]     ; ledg[2]     ; 7.324 ; 7.182 ; 7.182 ; 7.324 ;
; sw[16]     ; ledr[16]    ; 5.865 ;       ;       ; 5.865 ;
; sw[17]     ; Hex1[0]     ; 7.406 ; 7.332 ; 7.332 ; 7.406 ;
; sw[17]     ; Hex1[1]     ; 7.177 ; 7.177 ; 7.177 ; 7.177 ;
; sw[17]     ; Hex1[2]     ; 7.017 ; 7.017 ; 7.017 ; 7.017 ;
; sw[17]     ; Hex1[3]     ; 7.689 ; 7.551 ; 7.551 ; 7.689 ;
; sw[17]     ; Hex1[4]     ; 6.890 ; 7.005 ; 7.005 ; 6.890 ;
; sw[17]     ; Hex1[6]     ; 6.843 ; 7.047 ; 7.047 ; 6.843 ;
; sw[17]     ; ledg[0]     ; 7.203 ; 7.277 ; 7.277 ; 7.203 ;
; sw[17]     ; ledg[1]     ; 7.173 ; 7.377 ; 7.377 ; 7.173 ;
; sw[17]     ; ledg[2]     ; 7.126 ; 7.241 ; 7.241 ; 7.126 ;
; sw[17]     ; ledr[17]    ; 5.850 ;       ;       ; 5.850 ;
+------------+-------------+-------+-------+-------+-------+


+----------------------------------------------------------------------------+
; Multicorner Timing Analysis Summary                                        ;
+------------------+-------+------+----------+---------+---------------------+
; Clock            ; Setup ; Hold ; Recovery ; Removal ; Minimum Pulse Width ;
+------------------+-------+------+----------+---------+---------------------+
; Worst-case Slack ; N/A   ; N/A  ; N/A      ; N/A     ; N/A                 ;
; Design-wide TNS  ; 0.0   ; 0.0  ; 0.0      ; 0.0     ; 0.0                 ;
+------------------+-------+------+----------+---------+---------------------+


+--------------------------------------------------------------+
; Progagation Delay                                            ;
+------------+-------------+--------+--------+--------+--------+
; Input Port ; Output Port ; RR     ; RF     ; FR     ; FF     ;
+------------+-------------+--------+--------+--------+--------+
; sw[0]      ; Hex1[0]     ;        ; 9.055  ; 9.055  ;        ;
; sw[0]      ; Hex1[1]     ; 8.831  ; 8.831  ; 8.831  ; 8.831  ;
; sw[0]      ; Hex1[2]     ; 8.559  ; 8.559  ; 8.559  ; 8.559  ;
; sw[0]      ; Hex1[3]     ;        ; 9.513  ; 9.513  ;        ;
; sw[0]      ; ledg[0]     ; 8.718  ;        ;        ; 8.718  ;
; sw[0]      ; ledr[0]     ; 6.062  ;        ;        ; 6.062  ;
; sw[1]      ; Hex1[1]     ; 8.657  ; 8.657  ; 8.657  ; 8.657  ;
; sw[1]      ; Hex1[2]     ; 8.382  ; 8.382  ; 8.382  ; 8.382  ;
; sw[1]      ; Hex1[3]     ;        ; 9.339  ; 9.339  ;        ;
; sw[1]      ; Hex1[6]     ; 7.946  ;        ;        ; 7.946  ;
; sw[1]      ; ledg[1]     ; 8.540  ;        ;        ; 8.540  ;
; sw[1]      ; ledr[1]     ; 5.695  ;        ;        ; 5.695  ;
; sw[2]      ; Hex1[0]     ;        ; 8.960  ; 8.960  ;        ;
; sw[2]      ; Hex1[1]     ; 8.666  ;        ;        ; 8.666  ;
; sw[2]      ; Hex1[3]     ;        ; 9.348  ; 9.348  ;        ;
; sw[2]      ; Hex1[4]     ; 7.628  ;        ;        ; 7.628  ;
; sw[2]      ; ledg[2]     ; 8.015  ;        ;        ; 8.015  ;
; sw[2]      ; ledr[2]     ; 6.875  ;        ;        ; 6.875  ;
; sw[3]      ; Hex1[0]     ;        ; 8.434  ; 8.434  ;        ;
; sw[3]      ; Hex1[1]     ; 8.210  ; 8.210  ; 8.210  ; 8.210  ;
; sw[3]      ; Hex1[2]     ; 7.938  ; 7.938  ; 7.938  ; 7.938  ;
; sw[3]      ; Hex1[3]     ;        ; 8.892  ; 8.892  ;        ;
; sw[3]      ; ledg[0]     ; 8.097  ;        ;        ; 8.097  ;
; sw[3]      ; ledr[3]     ; 6.234  ;        ;        ; 6.234  ;
; sw[4]      ; Hex1[1]     ; 8.233  ; 8.233  ; 8.233  ; 8.233  ;
; sw[4]      ; Hex1[2]     ; 7.958  ; 7.958  ; 7.958  ; 7.958  ;
; sw[4]      ; Hex1[3]     ;        ; 8.915  ; 8.915  ;        ;
; sw[4]      ; Hex1[6]     ; 7.522  ;        ;        ; 7.522  ;
; sw[4]      ; ledg[1]     ; 8.116  ;        ;        ; 8.116  ;
; sw[4]      ; ledr[4]     ; 5.731  ;        ;        ; 5.731  ;
; sw[5]      ; Hex1[0]     ;        ; 8.662  ; 8.662  ;        ;
; sw[5]      ; Hex1[1]     ; 8.368  ;        ;        ; 8.368  ;
; sw[5]      ; Hex1[3]     ;        ; 9.050  ; 9.050  ;        ;
; sw[5]      ; Hex1[4]     ; 7.330  ;        ;        ; 7.330  ;
; sw[5]      ; ledg[2]     ; 7.717  ;        ;        ; 7.717  ;
; sw[5]      ; ledr[5]     ; 6.153  ;        ;        ; 6.153  ;
; sw[6]      ; Hex1[0]     ;        ; 8.317  ; 8.317  ;        ;
; sw[6]      ; Hex1[1]     ; 8.093  ; 8.093  ; 8.093  ; 8.093  ;
; sw[6]      ; Hex1[2]     ; 7.821  ; 7.821  ; 7.821  ; 7.821  ;
; sw[6]      ; Hex1[3]     ;        ; 8.775  ; 8.775  ;        ;
; sw[6]      ; ledg[0]     ; 7.980  ;        ;        ; 7.980  ;
; sw[6]      ; ledr[6]     ; 5.789  ;        ;        ; 5.789  ;
; sw[7]      ; Hex1[1]     ; 10.846 ; 10.846 ; 10.846 ; 10.846 ;
; sw[7]      ; Hex1[2]     ; 10.571 ; 10.571 ; 10.571 ; 10.571 ;
; sw[7]      ; Hex1[3]     ;        ; 11.528 ; 11.528 ;        ;
; sw[7]      ; Hex1[6]     ; 10.135 ;        ;        ; 10.135 ;
; sw[7]      ; ledg[1]     ; 10.729 ;        ;        ; 10.729 ;
; sw[7]      ; ledr[7]     ; 6.748  ;        ;        ; 6.748  ;
; sw[8]      ; Hex1[0]     ;        ; 10.319 ; 10.319 ;        ;
; sw[8]      ; Hex1[1]     ; 10.025 ;        ;        ; 10.025 ;
; sw[8]      ; Hex1[3]     ;        ; 10.707 ; 10.707 ;        ;
; sw[8]      ; Hex1[4]     ; 8.987  ;        ;        ; 8.987  ;
; sw[8]      ; ledg[2]     ; 9.374  ;        ;        ; 9.374  ;
; sw[8]      ; ledr[8]     ; 6.322  ;        ;        ; 6.322  ;
; sw[9]      ; Hex1[0]     ;        ; 10.244 ; 10.244 ;        ;
; sw[9]      ; Hex1[1]     ; 10.020 ; 10.020 ; 10.020 ; 10.020 ;
; sw[9]      ; Hex1[2]     ; 9.748  ; 9.748  ; 9.748  ; 9.748  ;
; sw[9]      ; Hex1[3]     ;        ; 10.702 ; 10.702 ;        ;
; sw[9]      ; ledg[0]     ; 9.907  ;        ;        ; 9.907  ;
; sw[9]      ; ledr[9]     ; 6.666  ;        ;        ; 6.666  ;
; sw[10]     ; Hex1[1]     ; 9.325  ; 9.325  ; 9.325  ; 9.325  ;
; sw[10]     ; Hex1[2]     ; 9.050  ; 9.050  ; 9.050  ; 9.050  ;
; sw[10]     ; Hex1[3]     ;        ; 10.007 ; 10.007 ;        ;
; sw[10]     ; Hex1[6]     ; 8.614  ;        ;        ; 8.614  ;
; sw[10]     ; ledg[1]     ; 9.208  ;        ;        ; 9.208  ;
; sw[10]     ; ledr[10]    ; 6.133  ;        ;        ; 6.133  ;
; sw[11]     ; Hex1[0]     ;        ; 10.020 ; 10.020 ;        ;
; sw[11]     ; Hex1[1]     ; 9.726  ;        ;        ; 9.726  ;
; sw[11]     ; Hex1[3]     ;        ; 10.408 ; 10.408 ;        ;
; sw[11]     ; Hex1[4]     ; 8.688  ;        ;        ; 8.688  ;
; sw[11]     ; ledg[2]     ; 9.075  ;        ;        ; 9.075  ;
; sw[11]     ; ledr[11]    ; 6.088  ;        ;        ; 6.088  ;
; sw[12]     ; Hex1[0]     ;        ; 9.792  ; 9.792  ;        ;
; sw[12]     ; Hex1[1]     ; 9.568  ; 9.568  ; 9.568  ; 9.568  ;
; sw[12]     ; Hex1[2]     ; 9.296  ; 9.296  ; 9.296  ; 9.296  ;
; sw[12]     ; Hex1[3]     ;        ; 10.250 ; 10.250 ;        ;
; sw[12]     ; ledg[0]     ; 9.455  ;        ;        ; 9.455  ;
; sw[12]     ; ledr[12]    ; 6.424  ;        ;        ; 6.424  ;
; sw[13]     ; Hex1[1]     ; 13.172 ; 13.172 ; 13.172 ; 13.172 ;
; sw[13]     ; Hex1[2]     ; 12.897 ; 12.897 ; 12.897 ; 12.897 ;
; sw[13]     ; Hex1[3]     ;        ; 13.854 ; 13.854 ;        ;
; sw[13]     ; Hex1[6]     ; 12.461 ;        ;        ; 12.461 ;
; sw[13]     ; ledg[1]     ; 13.055 ;        ;        ; 13.055 ;
; sw[13]     ; ledr[13]    ; 10.248 ;        ;        ; 10.248 ;
; sw[14]     ; Hex1[0]     ;        ; 13.454 ; 13.454 ;        ;
; sw[14]     ; Hex1[1]     ; 13.160 ;        ;        ; 13.160 ;
; sw[14]     ; Hex1[3]     ;        ; 13.842 ; 13.842 ;        ;
; sw[14]     ; Hex1[4]     ; 12.122 ;        ;        ; 12.122 ;
; sw[14]     ; ledg[2]     ; 12.509 ;        ;        ; 12.509 ;
; sw[14]     ; ledr[14]    ; 10.336 ;        ;        ; 10.336 ;
; sw[15]     ; Hex1[0]     ; 14.797 ; 14.797 ; 14.797 ; 14.797 ;
; sw[15]     ; Hex1[1]     ; 14.503 ; 14.503 ; 14.503 ; 14.503 ;
; sw[15]     ; Hex1[2]     ; 14.013 ; 14.013 ; 14.013 ; 14.013 ;
; sw[15]     ; Hex1[3]     ; 15.185 ; 15.185 ; 15.185 ; 15.185 ;
; sw[15]     ; Hex1[4]     ; 13.465 ; 13.465 ; 13.465 ; 13.465 ;
; sw[15]     ; Hex1[6]     ; 13.577 ; 13.577 ; 13.577 ; 13.577 ;
; sw[15]     ; ledg[0]     ; 13.983 ; 13.983 ; 13.983 ; 13.983 ;
; sw[15]     ; ledg[1]     ; 14.171 ; 14.171 ; 14.171 ; 14.171 ;
; sw[15]     ; ledg[2]     ; 13.852 ; 13.852 ; 13.852 ; 13.852 ;
; sw[15]     ; ledr[15]    ; 10.492 ;        ;        ; 10.492 ;
; sw[16]     ; Hex1[0]     ; 14.258 ; 14.312 ; 14.312 ; 14.258 ;
; sw[16]     ; Hex1[1]     ; 14.023 ; 14.023 ; 14.023 ; 14.023 ;
; sw[16]     ; Hex1[2]     ; 13.748 ; 13.748 ; 13.748 ; 13.748 ;
; sw[16]     ; Hex1[3]     ; 14.705 ; 14.700 ; 14.700 ; 14.705 ;
; sw[16]     ; Hex1[4]     ; 12.980 ; 12.926 ; 12.926 ; 12.980 ;
; sw[16]     ; Hex1[6]     ; 13.041 ; 13.312 ; 13.312 ; 13.041 ;
; sw[16]     ; ledg[0]     ; 13.495 ; 13.881 ; 13.881 ; 13.495 ;
; sw[16]     ; ledg[1]     ; 13.635 ; 13.906 ; 13.906 ; 13.635 ;
; sw[16]     ; ledg[2]     ; 13.367 ; 13.313 ; 13.313 ; 13.367 ;
; sw[16]     ; ledr[16]    ; 10.114 ;        ;        ; 10.114 ;
; sw[17]     ; Hex1[0]     ; 14.150 ; 13.806 ; 13.806 ; 14.150 ;
; sw[17]     ; Hex1[1]     ; 13.906 ; 13.906 ; 13.906 ; 13.906 ;
; sw[17]     ; Hex1[2]     ; 13.631 ; 13.631 ; 13.631 ; 13.631 ;
; sw[17]     ; Hex1[3]     ; 14.588 ; 14.194 ; 14.194 ; 14.588 ;
; sw[17]     ; Hex1[4]     ; 12.474 ; 12.818 ; 12.818 ; 12.474 ;
; sw[17]     ; Hex1[6]     ; 12.342 ; 13.195 ; 13.195 ; 12.342 ;
; sw[17]     ; ledg[0]     ; 13.088 ; 13.764 ; 13.764 ; 13.088 ;
; sw[17]     ; ledg[1]     ; 12.936 ; 13.789 ; 13.789 ; 12.936 ;
; sw[17]     ; ledg[2]     ; 12.861 ; 13.205 ; 13.205 ; 12.861 ;
; sw[17]     ; ledr[17]    ; 10.095 ;        ;        ; 10.095 ;
+------------+-------------+--------+--------+--------+--------+


+----------------------------------------------------------+
; Minimum Progagation Delay                                ;
+------------+-------------+-------+-------+-------+-------+
; Input Port ; Output Port ; RR    ; RF    ; FR    ; FF    ;
+------------+-------------+-------+-------+-------+-------+
; sw[0]      ; Hex1[0]     ;       ; 4.700 ; 4.700 ;       ;
; sw[0]      ; Hex1[1]     ; 4.610 ; 4.610 ; 4.610 ; 4.610 ;
; sw[0]      ; Hex1[2]     ; 4.450 ; 4.450 ; 4.450 ; 4.450 ;
; sw[0]      ; Hex1[3]     ;       ; 4.983 ; 4.983 ;       ;
; sw[0]      ; ledg[0]     ; 4.571 ;       ;       ; 4.571 ;
; sw[0]      ; ledr[0]     ; 3.314 ;       ;       ; 3.314 ;
; sw[1]      ; Hex1[1]     ; 4.556 ; 4.556 ; 4.556 ; 4.556 ;
; sw[1]      ; Hex1[2]     ; 4.396 ; 4.396 ; 4.396 ; 4.396 ;
; sw[1]      ; Hex1[3]     ;       ; 4.930 ; 4.930 ;       ;
; sw[1]      ; Hex1[6]     ; 4.222 ;       ;       ; 4.222 ;
; sw[1]      ; ledg[1]     ; 4.552 ;       ;       ; 4.552 ;
; sw[1]      ; ledr[1]     ; 3.183 ;       ;       ; 3.183 ;
; sw[2]      ; Hex1[0]     ;       ; 4.659 ; 4.659 ;       ;
; sw[2]      ; Hex1[1]     ; 4.566 ;       ;       ; 4.566 ;
; sw[2]      ; Hex1[3]     ;       ; 4.946 ; 4.946 ;       ;
; sw[2]      ; Hex1[4]     ; 4.064 ;       ;       ; 4.064 ;
; sw[2]      ; ledg[2]     ; 4.300 ;       ;       ; 4.300 ;
; sw[2]      ; ledr[2]     ; 3.778 ;       ;       ; 3.778 ;
; sw[3]      ; Hex1[0]     ;       ; 4.297 ; 4.297 ;       ;
; sw[3]      ; Hex1[1]     ; 4.207 ; 4.207 ; 4.207 ; 4.207 ;
; sw[3]      ; Hex1[2]     ; 4.047 ; 4.047 ; 4.047 ; 4.047 ;
; sw[3]      ; Hex1[3]     ;       ; 4.580 ; 4.580 ;       ;
; sw[3]      ; ledg[0]     ; 4.168 ;       ;       ; 4.168 ;
; sw[3]      ; ledr[3]     ; 3.410 ;       ;       ; 3.410 ;
; sw[4]      ; Hex1[1]     ; 4.232 ; 4.232 ; 4.232 ; 4.232 ;
; sw[4]      ; Hex1[2]     ; 4.072 ; 4.072 ; 4.072 ; 4.072 ;
; sw[4]      ; Hex1[3]     ;       ; 4.606 ; 4.606 ;       ;
; sw[4]      ; Hex1[6]     ; 3.898 ;       ;       ; 3.898 ;
; sw[4]      ; ledg[1]     ; 4.228 ;       ;       ; 4.228 ;
; sw[4]      ; ledr[4]     ; 3.162 ;       ;       ; 3.162 ;
; sw[5]      ; Hex1[0]     ;       ; 4.372 ; 4.372 ;       ;
; sw[5]      ; Hex1[1]     ; 4.279 ;       ;       ; 4.279 ;
; sw[5]      ; Hex1[3]     ;       ; 4.659 ; 4.659 ;       ;
; sw[5]      ; Hex1[4]     ; 3.777 ;       ;       ; 3.777 ;
; sw[5]      ; ledg[2]     ; 4.013 ;       ;       ; 4.013 ;
; sw[5]      ; ledr[5]     ; 3.380 ;       ;       ; 3.380 ;
; sw[6]      ; Hex1[0]     ;       ; 4.258 ; 4.258 ;       ;
; sw[6]      ; Hex1[1]     ; 4.168 ; 4.168 ; 4.168 ; 4.168 ;
; sw[6]      ; Hex1[2]     ; 4.008 ; 4.008 ; 4.008 ; 4.008 ;
; sw[6]      ; Hex1[3]     ;       ; 4.541 ; 4.541 ;       ;
; sw[6]      ; ledg[0]     ; 4.129 ;       ;       ; 4.129 ;
; sw[6]      ; ledr[6]     ; 3.190 ;       ;       ; 3.190 ;
; sw[7]      ; Hex1[1]     ; 5.610 ; 5.610 ; 5.610 ; 5.610 ;
; sw[7]      ; Hex1[2]     ; 5.450 ; 5.450 ; 5.450 ; 5.450 ;
; sw[7]      ; Hex1[3]     ;       ; 5.984 ; 5.984 ;       ;
; sw[7]      ; Hex1[6]     ; 5.276 ;       ;       ; 5.276 ;
; sw[7]      ; ledg[1]     ; 5.606 ;       ;       ; 5.606 ;
; sw[7]      ; ledr[7]     ; 3.765 ;       ;       ; 3.765 ;
; sw[8]      ; Hex1[0]     ;       ; 5.296 ; 5.296 ;       ;
; sw[8]      ; Hex1[1]     ; 5.203 ;       ;       ; 5.203 ;
; sw[8]      ; Hex1[3]     ;       ; 5.583 ; 5.583 ;       ;
; sw[8]      ; Hex1[4]     ; 4.701 ;       ;       ; 4.701 ;
; sw[8]      ; ledg[2]     ; 4.937 ;       ;       ; 4.937 ;
; sw[8]      ; ledr[8]     ; 3.530 ;       ;       ; 3.530 ;
; sw[9]      ; Hex1[0]     ;       ; 5.273 ; 5.273 ;       ;
; sw[9]      ; Hex1[1]     ; 5.183 ; 5.183 ; 5.183 ; 5.183 ;
; sw[9]      ; Hex1[2]     ; 5.023 ; 5.023 ; 5.023 ; 5.023 ;
; sw[9]      ; Hex1[3]     ;       ; 5.556 ; 5.556 ;       ;
; sw[9]      ; ledg[0]     ; 5.144 ;       ;       ; 5.144 ;
; sw[9]      ; ledr[9]     ; 3.706 ;       ;       ; 3.706 ;
; sw[10]     ; Hex1[1]     ; 4.836 ; 4.836 ; 4.836 ; 4.836 ;
; sw[10]     ; Hex1[2]     ; 4.676 ; 4.676 ; 4.676 ; 4.676 ;
; sw[10]     ; Hex1[3]     ;       ; 5.210 ; 5.210 ;       ;
; sw[10]     ; Hex1[6]     ; 4.502 ;       ;       ; 4.502 ;
; sw[10]     ; ledg[1]     ; 4.832 ;       ;       ; 4.832 ;
; sw[10]     ; ledr[10]    ; 3.419 ;       ;       ; 3.419 ;
; sw[11]     ; Hex1[0]     ;       ; 5.114 ; 5.114 ;       ;
; sw[11]     ; Hex1[1]     ; 5.021 ;       ;       ; 5.021 ;
; sw[11]     ; Hex1[3]     ;       ; 5.401 ; 5.401 ;       ;
; sw[11]     ; Hex1[4]     ; 4.519 ;       ;       ; 4.519 ;
; sw[11]     ; ledg[2]     ; 4.755 ;       ;       ; 4.755 ;
; sw[11]     ; ledr[11]    ; 3.386 ;       ;       ; 3.386 ;
; sw[12]     ; Hex1[0]     ;       ; 5.024 ; 5.024 ;       ;
; sw[12]     ; Hex1[1]     ; 4.934 ; 4.934 ; 4.934 ; 4.934 ;
; sw[12]     ; Hex1[2]     ; 4.774 ; 4.774 ; 4.774 ; 4.774 ;
; sw[12]     ; Hex1[3]     ;       ; 5.307 ; 5.307 ;       ;
; sw[12]     ; ledg[0]     ; 4.895 ;       ;       ; 4.895 ;
; sw[12]     ; ledr[12]    ; 3.558 ;       ;       ; 3.558 ;
; sw[13]     ; Hex1[1]     ; 7.178 ; 7.178 ; 7.178 ; 7.178 ;
; sw[13]     ; Hex1[2]     ; 7.018 ; 7.018 ; 7.018 ; 7.018 ;
; sw[13]     ; Hex1[3]     ;       ; 7.552 ; 7.552 ;       ;
; sw[13]     ; Hex1[6]     ; 6.844 ;       ;       ; 6.844 ;
; sw[13]     ; ledg[1]     ; 7.174 ;       ;       ; 7.174 ;
; sw[13]     ; ledr[13]    ; 5.893 ;       ;       ; 5.893 ;
; sw[14]     ; Hex1[0]     ;       ; 7.315 ; 7.315 ;       ;
; sw[14]     ; Hex1[1]     ; 7.222 ;       ;       ; 7.222 ;
; sw[14]     ; Hex1[3]     ;       ; 7.602 ; 7.602 ;       ;
; sw[14]     ; Hex1[4]     ; 6.720 ;       ;       ; 6.720 ;
; sw[14]     ; ledg[2]     ; 6.956 ;       ;       ; 6.956 ;
; sw[14]     ; ledr[14]    ; 5.942 ;       ;       ; 5.942 ;
; sw[15]     ; Hex1[0]     ; 7.689 ; 7.741 ; 7.741 ; 7.689 ;
; sw[15]     ; Hex1[1]     ; 7.534 ; 7.534 ; 7.534 ; 7.534 ;
; sw[15]     ; Hex1[2]     ; 7.374 ; 7.374 ; 7.374 ; 7.374 ;
; sw[15]     ; Hex1[3]     ; 7.908 ; 8.024 ; 8.024 ; 7.908 ;
; sw[15]     ; Hex1[4]     ; 7.291 ; 7.247 ; 7.247 ; 7.291 ;
; sw[15]     ; Hex1[6]     ; 7.389 ; 7.200 ; 7.200 ; 7.389 ;
; sw[15]     ; ledg[0]     ; 7.612 ; 7.560 ; 7.560 ; 7.612 ;
; sw[15]     ; ledg[1]     ; 7.719 ; 7.530 ; 7.530 ; 7.719 ;
; sw[15]     ; ledg[2]     ; 7.527 ; 7.483 ; 7.483 ; 7.527 ;
; sw[15]     ; ledr[15]    ; 6.060 ;       ;       ; 6.060 ;
; sw[16]     ; Hex1[0]     ; 7.388 ; 7.489 ; 7.489 ; 7.388 ;
; sw[16]     ; Hex1[1]     ; 7.233 ; 7.233 ; 7.233 ; 7.233 ;
; sw[16]     ; Hex1[2]     ; 7.073 ; 7.073 ; 7.073 ; 7.073 ;
; sw[16]     ; Hex1[3]     ; 7.607 ; 7.772 ; 7.772 ; 7.607 ;
; sw[16]     ; Hex1[4]     ; 7.088 ; 6.946 ; 6.946 ; 7.088 ;
; sw[16]     ; Hex1[6]     ; 7.130 ; 6.899 ; 6.899 ; 7.130 ;
; sw[16]     ; ledg[0]     ; 7.360 ; 7.259 ; 7.259 ; 7.360 ;
; sw[16]     ; ledg[1]     ; 7.460 ; 7.229 ; 7.229 ; 7.460 ;
; sw[16]     ; ledg[2]     ; 7.324 ; 7.182 ; 7.182 ; 7.324 ;
; sw[16]     ; ledr[16]    ; 5.865 ;       ;       ; 5.865 ;
; sw[17]     ; Hex1[0]     ; 7.406 ; 7.332 ; 7.332 ; 7.406 ;
; sw[17]     ; Hex1[1]     ; 7.177 ; 7.177 ; 7.177 ; 7.177 ;
; sw[17]     ; Hex1[2]     ; 7.017 ; 7.017 ; 7.017 ; 7.017 ;
; sw[17]     ; Hex1[3]     ; 7.689 ; 7.551 ; 7.551 ; 7.689 ;
; sw[17]     ; Hex1[4]     ; 6.890 ; 7.005 ; 7.005 ; 6.890 ;
; sw[17]     ; Hex1[6]     ; 6.843 ; 7.047 ; 7.047 ; 6.843 ;
; sw[17]     ; ledg[0]     ; 7.203 ; 7.277 ; 7.277 ; 7.203 ;
; sw[17]     ; ledg[1]     ; 7.173 ; 7.377 ; 7.377 ; 7.173 ;
; sw[17]     ; ledg[2]     ; 7.126 ; 7.241 ; 7.241 ; 7.126 ;
; sw[17]     ; ledr[17]    ; 5.850 ;       ;       ; 5.850 ;
+------------+-------------+-------+-------+-------+-------+


-------------------
; Clock Transfers ;
-------------------
Nothing to report.


---------------
; Report TCCS ;
---------------
No dedicated SERDES Transmitter circuitry present in device or used in design


---------------
; Report RSKM ;
---------------
No dedicated SERDES Receiver circuitry present in device or used in design


+------------------------------------------------+
; Unconstrained Paths                            ;
+---------------------------------+-------+------+
; Property                        ; Setup ; Hold ;
+---------------------------------+-------+------+
; Illegal Clocks                  ; 0     ; 0    ;
; Unconstrained Clocks            ; 0     ; 0    ;
; Unconstrained Input Ports       ; 18    ; 18   ;
; Unconstrained Input Port Paths  ; 120   ; 120  ;
; Unconstrained Output Ports      ; 27    ; 27   ;
; Unconstrained Output Port Paths ; 120   ; 120  ;
+---------------------------------+-------+------+


+------------------------------------+
; TimeQuest Timing Analyzer Messages ;
+------------------------------------+
Info: *******************************************************************
Info: Running Quartus II 64-Bit TimeQuest Timing Analyzer
    Info: Version 13.0.1 Build 232 06/12/2013 Service Pack 1 SJ Web Edition
    Info: Processing started: Mon Mar 19 10:01:41 2018
Info: Command: quartus_sta ttttt -c ttttt
Info: qsta_default_script.tcl version: #1
Info (11104): Parallel Compilation has detected 4 hyper-threaded processors. However, the extra hyper-threaded processors will not be used by default. Parallel Compilation will use 2 of the 2 physical processors detected instead.
Info (21077): Low junction temperature is 0 degrees C
Info (21077): High junction temperature is 85 degrees C
Critical Warning (332012): Synopsys Design Constraints File file not found: 'ttttt.sdc'. A Synopsys Design Constraints File is required by the TimeQuest Timing Analyzer to get proper timing constraints. Without it, the Compiler will not properly optimize the design.
Info (332142): No user constrained base clocks found in the design. Calling "derive_clocks -period 1.0"
Info (332096): The command derive_clocks did not find any clocks to derive.  No clocks were created or changed.
Warning (332068): No clocks defined in design.
Info: Found TIMEQUEST_REPORT_SCRIPT_INCLUDE_DEFAULT_ANALYSIS = ON
Info (332159): No clocks to report
Info: Analyzing Slow Model
Info (332140): No fmax paths to report
Info (332140): No Setup paths to report
Info (332140): No Hold paths to report
Info (332140): No Recovery paths to report
Info (332140): No Removal paths to report
Info (332140): No Minimum Pulse Width paths to report
Info (332001): The selected device family is not supported by the report_metastability command.
Info: Analyzing Fast Model
Info (332142): No user constrained base clocks found in the design. Calling "derive_clocks -period 1.0"
Info (332096): The command derive_clocks did not find any clocks to derive.  No clocks were created or changed.
Warning (332068): No clocks defined in design.
Info (332140): No Setup paths to report
Info (332140): No Hold paths to report
Info (332140): No Recovery paths to report
Info (332140): No Removal paths to report
Info (332140): No Minimum Pulse Width paths to report
Info (332001): The selected device family is not supported by the report_metastability command.
Info (332102): Design is not fully constrained for setup requirements
Info (332102): Design is not fully constrained for hold requirements
Info: Quartus II 64-Bit TimeQuest Timing Analyzer was successful. 0 errors, 3 warnings
    Info: Peak virtual memory: 460 megabytes
    Info: Processing ended: Mon Mar 19 10:01:42 2018
    Info: Elapsed time: 00:00:01
    Info: Total CPU time (on all processors): 00:00:01


